09:28:34 **** Incremental Build of configuration Debug for project LED_BLINK_2 ****
make -j16 all 
arm-none-eabi-gcc "../Core/Src/main.c" -mcpu=cortex-m4 -std=gnu11 -g3 -DDEBUG -DUSE_HAL_DRIVER -DSTM32F401xE -c -I../Core/Inc -I../Drivers/STM32F4xx_HAL_Driver/Inc -I../Drivers/STM32F4xx_HAL_Driver/Inc/Legacy -I../Drivers/CMSIS/Device/ST/STM32F4xx/Include -I../Drivers/CMSIS/Include -O0 -ffunction-sections -fdata-sections -Wall -fstack-usage -fcyclomatic-complexity -MMD -MP -MF"Core/Src/main.d" -MT"Core/Src/main.o" --specs=nano.specs -mfpu=fpv4-sp-d16 -mfloat-abi=hard -mthumb -o "Core/Src/main.o"
arm-none-eabi-gcc -o "LED_BLINK_2.elf" @"objects.list"   -mcpu=cortex-m4 -T"C:\Users\el208\Documents\ΣΧΟΛΗ\Nucleo_stm32_project\Code\LED_BLINK_2\STM32F401RETX_FLASH.ld" --specs=nosys.specs -Wl,-Map="LED_BLINK_2.map" -Wl,--gc-sections -static --specs=nano.specs -mfpu=fpv4-sp-d16 -mfloat-abi=hard -mthumb -Wl,--start-group -lc -lm -Wl,--end-group
Finished building target: LED_BLINK_2.elf
 
arm-none-eabi-size  LED_BLINK_2.elf 
arm-none-eabi-objdump -h -S LED_BLINK_2.elf  > "LED_BLINK_2.list"
   text	   data	    bss	    dec	    hex	filename
   5808	     12	   1572	   7392	   1ce0	LED_BLINK_2.elf
Finished building: default.size.stdout
 
Finished building: LED_BLINK_2.list
 

09:28:37 Build Finished. 0 errors, 0 warnings. (took 3s.571ms)

